../Core/Src/nrf24L01/nrf24L01.c:47:22:DelayMicro	16	static
../Core/Src/nrf24L01/nrf24L01.c:54:6:NRF24_init_RX	32	static
../Core/Src/nrf24L01/nrf24L01.c:104:6:NRF24_init_TX	32	static
../Core/Src/nrf24L01/nrf24L01.c:176:9:NRF24_ReadReg	32	static
../Core/Src/nrf24L01/nrf24L01.c:194:6:NRF24_WriteReg	16	static
../Core/Src/nrf24L01/nrf24L01.c:206:6:NRF24_ToggleFeatures	16	static
../Core/Src/nrf24L01/nrf24L01.c:220:6:NRF24_Read_Buf	16	static
../Core/Src/nrf24L01/nrf24L01.c:230:6:NRF24_Write_Buf	16	static
../Core/Src/nrf24L01/nrf24L01.c:244:13:NRF24_FlushRX	16	static
../Core/Src/nrf24L01/nrf24L01.c:254:13:NRF24_FlushTX	16	static
../Core/Src/nrf24L01/nrf24L01.c:264:6:NRF24L01_RX_Mode	16	static
../Core/Src/nrf24L01/nrf24L01.c:281:6:testReadWriteSetingd	104	static
../Core/Src/nrf24L01/nrf24L01.c:316:6:testDelay	8	static
../Core/Src/nrf24L01/nrf24L01.c:322:6:NRF24L01_TX_Mode	16	static
../Core/Src/nrf24L01/nrf24L01.c:332:6:NRF24_Transmit	16	static
../Core/Src/nrf24L01/nrf24L01.c:345:9:NRF24L01_Send	24	static
../Core/Src/nrf24L01/nrf24L01.c:390:6:NRF24L01_Transmit	72	static
../Core/Src/nrf24L01/nrf24L01.c:414:6:led_test	8	static
../Core/Src/nrf24L01/nrf24L01.c:420:6:NRF24L01_Receive	16	static
../Core/Src/nrf24L01/nrf24L01.c:446:6:print_Data_Ower_uart	136	static
